
> eduagent-ai@0.1.0 build
> next build

Γû▓ Next.js 16.2.6 (Turbopack)
- Environments: .env

  Creating an optimized production build ...
