
> eduagent-ai@0.1.0 build
> next build

ΓÜá Warning: Next.js inferred your workspace root, but it may not be correct.
 We detected multiple lockfiles and selected the directory of C:\Users\USER\package-lock.json as the root directory.
 To silence this warning, set `turbopack.root` in your Next.js config, or consider removing one of the lockfiles if it's not needed.
   See https://nextjs.org/docs/app/api-reference/config/next-config-js/turbopack#root-directory for more information.
 Detected additional lockfiles: 
   * C:\Users\USER\Desktop\CODE PROJECTS\SMART TUTOR AI\package-lock.json

Γû▓ Next.js 16.2.6 (Turbopack)
- Environments: .env

  Creating an optimized production build ...
Γ£ô Compiled successfully in 2.1min
  Running TypeScript ...
  Finished TypeScript in 3.5min ...
  Collecting page data using 3 workers ...
SyntaxError: Unexpected end of JSON input
    at JSON.parse (<anonymous>)

> Build error occurred
Error: Failed to collect page data for /api/health
    at ignore-listed frames {
  type: 'Error'
}
